                                      1 ;--------------------------------------------------------
                                      2 ; File Created by SDCC : free open source ANSI-C Compiler
                                      3 ; Version 4.1.0 #12072 (MINGW32)
                                      4 ;--------------------------------------------------------
                                      5 	.module square
                                      6 	.optsdcc -mgbz80
                                      7 	
                                      8 ;--------------------------------------------------------
                                      9 ; Public variables in this module
                                     10 ;--------------------------------------------------------
                                     11 	.globl _square_metasprites
                                     12 	.globl _square_metasprite0
                                     13 	.globl _square_data
                                     14 ;--------------------------------------------------------
                                     15 ; special function registers
                                     16 ;--------------------------------------------------------
                                     17 ;--------------------------------------------------------
                                     18 ; ram data
                                     19 ;--------------------------------------------------------
                                     20 	.area _DATA
                                     21 ;--------------------------------------------------------
                                     22 ; absolute external ram data
                                     23 ;--------------------------------------------------------
                                     24 	.area _DABS (ABS)
                                     25 ;--------------------------------------------------------
                                     26 ; global & static initialisations
                                     27 ;--------------------------------------------------------
                                     28 	.area _HOME
                                     29 	.area _GSINIT
                                     30 	.area _GSFINAL
                                     31 	.area _GSINIT
                                     32 ;--------------------------------------------------------
                                     33 ; Home
                                     34 ;--------------------------------------------------------
                                     35 	.area _HOME
                                     36 	.area _HOME
                                     37 ;--------------------------------------------------------
                                     38 ; code
                                     39 ;--------------------------------------------------------
                                     40 	.area _CODE
                                     41 	.area _CODE
                           000000    42 G$square_data$0_0$0 == .
      000000                         43 _square_data:
      000000 FF                      44 	.db #0xff	; 255
      000001 FF                      45 	.db #0xff	; 255
      000002 80                      46 	.db #0x80	; 128
      000003 81                      47 	.db #0x81	; 129
      000004 80                      48 	.db #0x80	; 128
      000005 81                      49 	.db #0x81	; 129
      000006 80                      50 	.db #0x80	; 128
      000007 81                      51 	.db #0x81	; 129
      000008 80                      52 	.db #0x80	; 128
      000009 81                      53 	.db #0x81	; 129
      00000A 80                      54 	.db #0x80	; 128
      00000B 81                      55 	.db #0x81	; 129
      00000C 80                      56 	.db #0x80	; 128
      00000D 81                      57 	.db #0x81	; 129
      00000E FF                      58 	.db #0xff	; 255
      00000F FF                      59 	.db #0xff	; 255
      000010 FF                      60 	.db #0xff	; 255
      000011 FF                      61 	.db #0xff	; 255
      000012 81                      62 	.db #0x81	; 129
      000013 81                      63 	.db #0x81	; 129
      000014 81                      64 	.db #0x81	; 129
      000015 81                      65 	.db #0x81	; 129
      000016 81                      66 	.db #0x81	; 129
      000017 81                      67 	.db #0x81	; 129
      000018 81                      68 	.db #0x81	; 129
      000019 81                      69 	.db #0x81	; 129
      00001A 81                      70 	.db #0x81	; 129
      00001B 81                      71 	.db #0x81	; 129
      00001C 81                      72 	.db #0x81	; 129
      00001D 81                      73 	.db #0x81	; 129
      00001E FF                      74 	.db #0xff	; 255
      00001F FF                      75 	.db #0xff	; 255
      000020 80                      76 	.db #0x80	; 128
      000021 FF                      77 	.db #0xff	; 255
      000022 80                      78 	.db #0x80	; 128
      000023 81                      79 	.db #0x81	; 129
      000024 80                      80 	.db #0x80	; 128
      000025 81                      81 	.db #0x81	; 129
      000026 80                      82 	.db #0x80	; 128
      000027 81                      83 	.db #0x81	; 129
      000028 80                      84 	.db #0x80	; 128
      000029 81                      85 	.db #0x81	; 129
      00002A 80                      86 	.db #0x80	; 128
      00002B 81                      87 	.db #0x81	; 129
      00002C 80                      88 	.db #0x80	; 128
      00002D 81                      89 	.db #0x81	; 129
      00002E FF                      90 	.db #0xff	; 255
      00002F FF                      91 	.db #0xff	; 255
      000030 81                      92 	.db #0x81	; 129
      000031 FF                      93 	.db #0xff	; 255
      000032 81                      94 	.db #0x81	; 129
      000033 81                      95 	.db #0x81	; 129
      000034 81                      96 	.db #0x81	; 129
      000035 81                      97 	.db #0x81	; 129
      000036 81                      98 	.db #0x81	; 129
      000037 81                      99 	.db #0x81	; 129
      000038 81                     100 	.db #0x81	; 129
      000039 81                     101 	.db #0x81	; 129
      00003A 81                     102 	.db #0x81	; 129
      00003B 81                     103 	.db #0x81	; 129
      00003C 81                     104 	.db #0x81	; 129
      00003D 81                     105 	.db #0x81	; 129
      00003E FF                     106 	.db #0xff	; 255
      00003F FF                     107 	.db #0xff	; 255
                           000040   108 G$square_metasprite0$0_0$0 == .
      000040                        109 _square_metasprite0:
      000040 F8                     110 	.db #0xf8	; -8
      000041 F8                     111 	.db #0xf8	; -8
      000042 00                     112 	.db #0x00	; 0
      000043 00                     113 	.db #0x00	; 0
      000044 00                     114 	.db #0x00	;  0
      000045 08                     115 	.db #0x08	;  8
      000046 01                     116 	.db #0x01	; 1
      000047 00                     117 	.db #0x00	; 0
      000048 08                     118 	.db #0x08	;  8
      000049 F8                     119 	.db #0xf8	; -8
      00004A 02                     120 	.db #0x02	; 2
      00004B 00                     121 	.db #0x00	; 0
      00004C 00                     122 	.db #0x00	;  0
      00004D 08                     123 	.db #0x08	;  8
      00004E 03                     124 	.db #0x03	; 3
      00004F 00                     125 	.db #0x00	; 0
      000050 80                     126 	.db #0x80	; -128
      000051 00                     127 	.db #0x00	;  0
      000052 00                     128 	.db #0x00	; 0
      000053 00                     129 	.db #0x00	; 0
                           000054   130 G$square_metasprites$0_0$0 == .
      000054                        131 _square_metasprites:
      000054r40r00                  132 	.dw _square_metasprite0
                                    133 	.area _CABS (ABS)
